[2026-05-02 17:32:47] [INFO] HTTP ← initialize {"id":0}
[2026-05-02 17:32:47] [INFO] HTTP ← notifications/initialized {"id":null}
[2026-05-02 17:32:47] [INFO] HTTP ← tools/list {"id":1}
[2026-05-02 17:33:27] [INFO] HTTP ← initialize {"id":0}
[2026-05-02 17:33:27] [INFO] HTTP ← notifications/initialized {"id":null}
[2026-05-02 17:33:27] [INFO] HTTP ← tools/list {"id":1}
[2026-05-02 17:33:29] [INFO] HTTP ← initialize {"id":0}
[2026-05-02 17:33:30] [INFO] HTTP ← notifications/initialized {"id":null}
[2026-05-02 17:33:30] [INFO] HTTP ← tools/list {"id":1}
[2026-05-02 17:37:59] [INFO] HTTP ← tools/call {"id":2}
[2026-05-02 17:37:59] [CALL] tool=create_trip request_id=2 {"title":"Escocia e Irlanda - Septiembre 2026","description":"Viaje de 14 días por Escocia e Irlanda, saliendo desde Buenos Aires el 15 de Septiembre de 2026. Itinerario: Edimburgo → Highlands → Isla de Skye → Dublín → Galway → Killarney.","start_date":"2026-09-15","end_date":"2026-09-29","status":"planned","color_hex":"#2e7d32","tags":["escocia","irlanda","europa","naturaleza","historia"],"show_routes_in_timeline":true}
[2026-05-02 17:37:59] [INFO] create_trip OK {"id":"17","title":"Escocia e Irlanda - Septiembre 2026"}
[2026-05-02 17:37:59] [RESULT] tool=create_trip duration_ms=20 request_id=2 {"id":17,"title":"Escocia e Irlanda - Septiembre 2026","status":"planned","admin_url":"/admin/trip_form.php?id=17"}
[2026-05-02 17:38:01] [INFO] HTTP ← tools/call {"id":3}
[2026-05-02 17:38:01] [CALL] tool=search_location request_id=3 {"query":"Aeropuerto Internacional Ezeiza Buenos Aires"}
[2026-05-02 17:38:02] [RESULT] tool=search_location duration_ms=969 request_id=3 {"query":"Aeropuerto Internacional Ezeiza Buenos Aires","results":[{"lat":-34.81054,"lng":-58.5431139,"display_name":"Aeropuerto Internacional Ezeiza, Partido de Ezeiza, Buenos Aires, B1802, Argentina","type":"administrative","importance":0.1867}],"count":1,"source":"nominatim"}
[2026-05-02 17:38:02] [INFO] HTTP ← tools/call {"id":4}
[2026-05-02 17:38:02] [CALL] tool=search_location request_id=4 {"query":"Edinburgh Airport Scotland"}
[2026-05-02 17:38:03] [RESULT] tool=search_location duration_ms=926 request_id=4 {"query":"Edinburgh Airport Scotland","results":[{"lat":55.9501289,"lng":-3.359508,"display_name":"Aeropuerto de Edimburgo, Eastfield Road, Ingliston, Ratho Station, Edimburgo, Escocia, EH28 8NQ, Reino Unido","type":"aerodrome","importance":0.544}],"count":1,"source":"nominatim"}
[2026-05-02 17:38:03] [INFO] HTTP ← tools/call {"id":5}
[2026-05-02 17:38:03] [CALL] tool=search_location request_id=5 {"query":"Edinburgh Old Town Scotland"}
[2026-05-02 17:38:04] [RESULT] tool=search_location duration_ms=934 request_id=5 {"query":"Edinburgh Old Town Scotland","results":[{"lat":55.9519018,"lng":-3.1904199,"display_name":"Edinburgh Waverley, South Ramp, Abbeyhill, Old Town, Edimburgo, Escocia, EH1 1QB, Reino Unido","type":"station","importance":0.4932},{"lat":55.9486867,"lng":-3.2004175,"display_name":"Castillo de Edimburgo, Castlehill, Old Town, Edimburgo, Escocia, EH1 2NG, Reino Unido","type":"castle","importance":0.5292}],"count":2,"source":"nominatim"}
[2026-05-02 17:38:09] [INFO] HTTP ← tools/call {"id":6}
[2026-05-02 17:38:09] [CALL] tool=search_location request_id=6 {"query":"Inverness city centre Scotland"}
[2026-05-02 17:38:10] [RESULT] tool=search_location duration_ms=560 request_id=6 {"query":"Inverness city centre Scotland","results":[{"lat":57.4797264,"lng":-4.211154,"display_name":"Inverness Youth Hostel, Victoria Drive, Millburn, Crown and City Centre, Inverness, Highland, Escocia, IV2 3QB, Reino Unido","type":"hostel","importance":0.0001},{"lat":57.4867794,"lng":-4.2124288,"display_name":"Bidfood Scotland, Seafield Road, Longman, Crown and City Centre, Inverness, Highland, Escocia, IV1 1SG, Reino Unido","type":"yes","importance":0.0001},{"lat":57.4848899,"lng":-4.2176518,"display_name":"RBS, 29-31, Harbour Road, Longman, Crown and City Centre, Inverness, Highland, Escocia, IV1 1UA, Reino Unido","type":"bank","importance":0.0001},{"lat":57.4736242,"lng":-4.2238131,"display_name":"BBC Scotland, 7, Culduthel Road, Haugh, Crown and City Centre, Inverness, Highland, Escocia, IV2 4AD, Reino Unido","type":"studio","importance":0.0001},{"lat":57.484396,"lng":-4.2139749,"display_name":"Bank of Scotland, 35D, Harbour Road, Longman, Crown and City Centre, Inverness, Highland, Escocia, IV1 1UA, Reino Unido","type":"bank","importance":0.0001}],"count":5,"source":"nominatim"}
[2026-05-02 17:38:10] [INFO] HTTP ← tools/call {"id":7}
[2026-05-02 17:38:10] [CALL] tool=search_location request_id=7 {"query":"Portree Isle of Skye Scotland"}
[2026-05-02 17:38:11] [RESULT] tool=search_location duration_ms=939 request_id=7 {"query":"Portree Isle of Skye Scotland","results":[],"count":0,"source":"nominatim","hint":"No se encontraron resultados en Nominatim. Prueba con un nombre más específico o usa WebSearch para obtener las coordenadas."}
[2026-05-02 17:38:11] [INFO] HTTP ← tools/call {"id":8}
[2026-05-02 17:38:11] [CALL] tool=search_location request_id=8 {"query":"Dublin Airport Ireland"}
[2026-05-02 17:38:12] [RESULT] tool=search_location duration_ms=1030 request_id=8 {"query":"Dublin Airport Ireland","results":[{"lat":53.4282916,"lng":-6.2472741,"display_name":"Aeropuerto de Dublín, Swords Road, Airport ED, Dublín, Fingal, County Dublin, Leinster, K67 K188, Irlanda","type":"aerodrome","importance":0.537}],"count":1,"source":"nominatim"}
[2026-05-02 17:38:12] [INFO] HTTP ← tools/call {"id":9}
[2026-05-02 17:38:12] [CALL] tool=search_location request_id=9 {"query":"Dublin city centre Ireland"}
[2026-05-02 17:38:13] [RESULT] tool=search_location duration_ms=1222 request_id=9 {"query":"Dublin city centre Ireland","results":[{"lat":53.3487775,"lng":-6.2431541,"display_name":"National College of Ireland - Campus 1, Mayor Square, IFSC II, International Financial Services Centre, North Dock C ED, Dublín, County Dublin, Leinster, D01 T8Y1, Irlanda","type":"college","importance":0.3269},{"lat":53.3490885,"lng":-6.2429051,"display_name":"NCI Business and Reseach Centre, Mayor Square, IFSC II, International Financial Services Centre, North Dock C ED, Dublín, County Dublin, Leinster, D01 T8Y1, Irlanda","type":"yes","importance":0.0001},{"lat":53.3486219,"lng":-6.2434208,"display_name":"Fusion, Mayor Square, IFSC II, International Financial Services Centre, North Dock C ED, Dublín, County Dublin, Leinster, D01 T8Y1, Irlanda","type":"restaurant","importance":0.0001},{"lat":53.3492606,"lng":-6.2454018,"display_name":"Bank of Ireland, Mayor Street Lower, IFSC II, International Financial Services Centre, North Dock C ED, Dublín, County Dublin, Leinster, D01 T8Y1, Irlanda","type":"atm","importance":0.0001},{"lat":53.3492226,"lng":-6.2456493,"display_name":"Bank of Ireland, Mayor Street Lower, IFSC II, International Financial Services Centre, North Dock C ED, Dublín, County Dublin, Leinster, D01 T8Y1, Irlanda","type":"company","importance":0.0001}],"count":5,"source":"nominatim"}
[2026-05-02 17:38:13] [INFO] HTTP ← tools/call {"id":10}
[2026-05-02 17:38:13] [CALL] tool=search_location request_id=10 {"query":"Galway city Ireland"}
[2026-05-02 17:38:14] [RESULT] tool=search_location duration_ms=942 request_id=10 {"query":"Galway city Ireland","results":[{"lat":53.2744122,"lng":-9.0490601,"display_name":"Galway, County Galway, Connacht, Irlanda","type":"administrative","importance":0.6077},{"lat":53.2841506,"lng":-9.0378363,"display_name":"Galway City, Galway, County Galway, Connacht, Irlanda","type":"administrative","importance":0.6077}],"count":2,"source":"nominatim"}
[2026-05-02 17:38:14] [INFO] HTTP ← tools/call {"id":11}
[2026-05-02 17:38:14] [CALL] tool=search_location request_id=11 {"query":"Killarney Kerry Ireland"}
[2026-05-02 17:38:15] [RESULT] tool=search_location duration_ms=1037 request_id=11 {"query":"Killarney Kerry Ireland","results":[{"lat":52.0595746,"lng":-9.505322,"display_name":"Killarney, Killarney Municipal District, Condado de Kerry, Munster, Irlanda","type":"town","importance":0.5179},{"lat":52.0597537,"lng":-9.5080803,"display_name":"Killarney, Oakwood Retirement Village, Killarney, Killarney Municipal District, Condado de Kerry, Munster, Irlanda","type":"administrative","importance":0.1334}],"count":2,"source":"nominatim"}
[2026-05-02 17:40:42] [INFO] HTTP ← tools/call {"id":12}
[2026-05-02 17:40:42] [CALL] tool=create_poi request_id=12 {"trip_id":17,"type":"waypoint","title":"Aeropuerto Ezeiza (EZE) - Partida","description":"Vuelo de Buenos Aires a Edimburgo (con escala, probablemente en Madrid o Londres). Duración estimada: 16-20 hs totales.","latitude":-34.81054,"longitude":-58.5431139,"icon":"plane","visit_date":"2026-09-15"}
[2026-05-02 17:40:43] [ERROR] ToolException [INVALID_INPUT]: Datos de POI inválidos
[2026-05-02 17:40:43] [INFO] HTTP ← tools/call {"id":13}
[2026-05-02 17:40:43] [CALL] tool=create_poi request_id=13 {"trip_id":17,"type":"stay","title":"Edimburgo - Alojamiento Old Town","description":"3 noches en Edimburgo. Sugerencia: The Balmoral Hotel (5★, frente a Waverley Station) o un boutique hotel en Old Town como The Inn on the Mile. Septiembre es temporada alta - reservar con anticipación.","latitude":55.9486867,"longitude":-3.2004175,"icon":"hotel","visit_date":"2026-09-16"}
[2026-05-02 17:40:44] [INFO] create_poi OK {"id":"161","trip_id":17,"title":"Edimburgo - Alojamiento Old Town","lat":55.9486867,"lng":-3.2004175}
[2026-05-02 17:40:44] [RESULT] tool=create_poi duration_ms=986 request_id=13 {"id":161,"title":"Edimburgo - Alojamiento Old Town","trip_id":17,"latitude":55.9486867,"longitude":-3.2004175,"image_path":null,"thumbnail_path":null,"auto_filled":null,"suggested_place":{"city":"Edimburgo","display_name":"Edimburgo, Escocia, Reino Unido","country":"Reino Unido","source":"nominatim"},"admin_url":"/admin/point_form.php?id=161"}
[2026-05-02 17:40:44] [INFO] HTTP ← tools/call {"id":14}
[2026-05-02 17:40:44] [CALL] tool=create_poi request_id=14 {"trip_id":17,"type":"stay","title":"Inverness - Alojamiento","description":"2 noches en Inverness, puerta de entrada a las Highlands y Loch Ness. Sugerencia: Rocpool Reserve (boutique hotel 5★ junto al río Ness) o Kingsmills Hotel (histórico, jardines). Base ideal para explorar Loch Ness y Culloden.","latitude":57.4797264,"longitude":-4.211154,"icon":"hotel","visit_date":"2026-09-19"}
[2026-05-02 17:40:45] [INFO] create_poi OK {"id":"162","trip_id":17,"title":"Inverness - Alojamiento","lat":57.4797264,"lng":-4.211154}
[2026-05-02 17:40:45] [RESULT] tool=create_poi duration_ms=942 request_id=14 {"id":162,"title":"Inverness - Alojamiento","trip_id":17,"latitude":57.4797264,"longitude":-4.211154,"image_path":null,"thumbnail_path":null,"auto_filled":null,"suggested_place":{"city":"Inverness","display_name":"Inverness, Highland, Escocia, IV1 1AN, Reino Unido","country":"Reino Unido","source":"nominatim"},"admin_url":"/admin/point_form.php?id=162"}
[2026-05-02 17:40:45] [INFO] HTTP ← tools/call {"id":15}
[2026-05-02 17:40:45] [CALL] tool=create_poi request_id=15 {"trip_id":17,"type":"stay","title":"Isla de Skye - Alojamiento en Portree","description":"2 noches en la Isla de Skye. Sugerencia: Sligachan Hotel (histórico, en el corazón de los Cuillins, espectacular) o Cuillin Hills Hotel en Portree con vistas al puerto. Septiembre tiene días más cortos pero el paisaje es dramático.","latitude":57.4128,"longitude":-6.1974,"icon":"hotel","visit_date":"2026-09-21"}
[2026-05-02 17:40:46] [INFO] create_poi OK {"id":"163","trip_id":17,"title":"Isla de Skye - Alojamiento en Portree","lat":57.4128,"lng":-6.1974}
[2026-05-02 17:40:46] [RESULT] tool=create_poi duration_ms=1077 request_id=15 {"id":163,"title":"Isla de Skye - Alojamiento en Portree","trip_id":17,"latitude":57.4128,"longitude":-6.1974,"image_path":null,"thumbnail_path":null,"auto_filled":null,"suggested_place":{"city":"Highland","display_name":"Highland, Escocia, Reino Unido","country":"Reino Unido","source":"nominatim"},"admin_url":"/admin/point_form.php?id=163"}
[2026-05-02 17:40:46] [INFO] HTTP ← tools/call {"id":16}
[2026-05-02 17:40:46] [CALL] tool=create_poi request_id=16 {"trip_id":17,"type":"stay","title":"Dublín - Alojamiento Temple Bar","description":"2 noches en Dublín. Sugerencia: Trinity City Hotel (frente al Trinity College, perfecta ubicación) o The Shelbourne (histórico 5★ en St. Stephen's Green). Barrio Temple Bar para la vida nocturna irlandesa.","latitude":53.3458,"longitude":-6.2597,"icon":"hotel","visit_date":"2026-09-24"}
[2026-05-02 17:40:47] [INFO] create_poi OK {"id":"164","trip_id":17,"title":"Dublín - Alojamiento Temple Bar","lat":53.3458,"lng":-6.2597}
[2026-05-02 17:40:47] [RESULT] tool=create_poi duration_ms=865 request_id=16 {"id":164,"title":"Dublín - Alojamiento Temple Bar","trip_id":17,"latitude":53.3458,"longitude":-6.2597,"image_path":null,"thumbnail_path":null,"auto_filled":null,"suggested_place":{"city":"Dublín","display_name":"Dublín, County Dublin, Leinster, Irlanda","country":"Irlanda","source":"nominatim"},"admin_url":"/admin/point_form.php?id=164"}
[2026-05-02 17:40:47] [INFO] HTTP ← tools/call {"id":17}
[2026-05-02 17:40:47] [CALL] tool=create_poi request_id=17 {"trip_id":17,"type":"stay","title":"Galway - Alojamiento","description":"2 noches en Galway, la ciudad más bohemia de Irlanda. Sugerencia: The g Hotel (diseño moderno, 5★) o The Connacht Hotel. Galway es famosa por su música en vivo, pubs y la cercanía a Connemara.","latitude":53.2741506,"longitude":-9.0490601,"icon":"hotel","visit_date":"2026-09-26"}
[2026-05-02 17:40:47] [INFO] create_poi OK {"id":"165","trip_id":17,"title":"Galway - Alojamiento","lat":53.2741506,"lng":-9.0490601}
[2026-05-02 17:40:47] [RESULT] tool=create_poi duration_ms=608 request_id=17 {"id":165,"title":"Galway - Alojamiento","trip_id":17,"latitude":53.2741506,"longitude":-9.0490601,"image_path":null,"thumbnail_path":null,"auto_filled":null,"suggested_place":{"city":"Galway","display_name":"Galway, County Galway, Connacht, Irlanda","country":"Irlanda","source":"nominatim"},"admin_url":"/admin/point_form.php?id=165"}
[2026-05-02 17:40:47] [INFO] HTTP ← tools/call {"id":18}
[2026-05-02 17:40:47] [CALL] tool=create_poi request_id=18 {"trip_id":17,"type":"stay","title":"Killarney - Alojamiento","description":"1 noche en Killarney, base para el Ring of Kerry. Sugerencia: The Europe Hotel & Resort (5★ a orillas del lago Lough Leane, con spa y vistas increíbles) o Aghadoe Heights Hotel. Base ideal para el recorrido del Ring of Kerry al día siguiente.","latitude":52.0595746,"longitude":-9.505322,"icon":"hotel","visit_date":"2026-09-28"}
[2026-05-02 17:40:49] [INFO] create_poi OK {"id":"166","trip_id":17,"title":"Killarney - Alojamiento","lat":52.0595746,"lng":-9.505322}
[2026-05-02 17:40:49] [RESULT] tool=create_poi duration_ms=1440 request_id=18 {"id":166,"title":"Killarney - Alojamiento","trip_id":17,"latitude":52.0595746,"longitude":-9.505322,"image_path":null,"thumbnail_path":null,"auto_filled":null,"suggested_place":{"city":"Condado de Kerry","display_name":"Killarney Municipal District, Condado de Kerry, Munster, Irlanda","country":"Irlanda","source":"nominatim"},"admin_url":"/admin/point_form.php?id=166"}
[2026-05-02 17:40:49] [INFO] HTTP ← tools/call {"id":19}
[2026-05-02 17:40:49] [CALL] tool=create_poi request_id=19 {"trip_id":17,"type":"visit","title":"Castillo de Edimburgo","description":"Imprescindible. El castillo domina la ciudad desde Castle Rock. Ver las Joyas de la Corona de Escocia, el Honours of Scotland y el famoso cañón Mons Meg. Llegar temprano para evitar colas. Entrada: ~£20-22.","latitude":55.9486867,"longitude":-3.2004175,"icon":"camera","visit_date":"2026-09-17"}
[2026-05-02 17:40:49] [INFO] create_poi OK {"id":"167","trip_id":17,"title":"Castillo de Edimburgo","lat":55.9486867,"lng":-3.2004175}
[2026-05-02 17:40:49] [RESULT] tool=create_poi duration_ms=5 request_id=19 {"id":167,"title":"Castillo de Edimburgo","trip_id":17,"latitude":55.9486867,"longitude":-3.2004175,"image_path":null,"thumbnail_path":null,"auto_filled":null,"suggested_place":{"city":"Edimburgo","display_name":"Edimburgo, Escocia, Reino Unido","country":"Reino Unido","source":"cache"},"admin_url":"/admin/point_form.php?id=167"}
[2026-05-02 17:41:03] [INFO] HTTP ← tools/call {"id":20}
[2026-05-02 17:41:03] [CALL] tool=create_poi request_id=20 {"trip_id":17,"type":"waypoint","title":"Aeropuerto Ezeiza (EZE) - Partida","description":"Vuelo de Buenos Aires a Edimburgo (con escala en Madrid o Londres). Duración estimada: 16-20 hs totales. Aerolíneas como Iberia, British Airways o KLM operan esta ruta.","latitude":-34.81054,"longitude":-58.5431139,"visit_date":"2026-09-15"}
[2026-05-02 17:41:03] [ERROR] ToolException [INVALID_INPUT]: Datos de POI inválidos
[2026-05-02 17:41:05] [INFO] HTTP ← tools/call {"id":21}
[2026-05-02 17:41:05] [CALL] tool=create_poi request_id=21 {"trip_id":17,"type":"visit","title":"Arthur's Seat - Edimburgo","description":"Volcán extinto que domina Edimburgo. Subida de ~45 min, con vistas panorámicas de la ciudad, el estuario del Forth y las Highlands en días despejados. Septiembre suele tener buen tiempo. Acceso gratuito desde Holyrood Park.","latitude":55.9449,"longitude":-3.1615,"icon":"camera","visit_date":"2026-09-18"}
[2026-05-02 17:41:06] [INFO] create_poi OK {"id":"168","trip_id":17,"title":"Arthur's Seat - Edimburgo","lat":55.9449,"lng":-3.1615}
[2026-05-02 17:41:06] [RESULT] tool=create_poi duration_ms=964 request_id=21 {"id":168,"title":"Arthur's Seat - Edimburgo","trip_id":17,"latitude":55.9449,"longitude":-3.1615,"image_path":null,"thumbnail_path":null,"auto_filled":null,"suggested_place":{"city":"Edimburgo","display_name":"Edimburgo, Escocia, Reino Unido","country":"Reino Unido","source":"nominatim"},"admin_url":"/admin/point_form.php?id=168"}
[2026-05-02 17:41:09] [INFO] HTTP ← tools/call {"id":22}
[2026-05-02 17:41:09] [CALL] tool=create_poi request_id=22 {"trip_id":17,"type":"visit","title":"Castillo de Urquhart - Loch Ness","description":"Ruinas del castillo medieval en la orilla de Loch Ness. Punto icónico para avistar (o no) al monstruo del lago. El Loch tiene 37 km de largo y 230 m de profundidad. En septiembre hay menos turistas que en verano. Entrada: ~£12.","latitude":57.3236,"longitude":-4.4395,"icon":"camera","visit_date":"2026-09-20"}
[2026-05-02 17:41:10] [INFO] create_poi OK {"id":"169","trip_id":17,"title":"Castillo de Urquhart - Loch Ness","lat":57.3236,"lng":-4.4395}
[2026-05-02 17:41:10] [RESULT] tool=create_poi duration_ms=948 request_id=22 {"id":169,"title":"Castillo de Urquhart - Loch Ness","trip_id":17,"latitude":57.3236,"longitude":-4.4395,"image_path":null,"thumbnail_path":null,"auto_filled":null,"suggested_place":{"city":"Highland","display_name":"Highland, Escocia, Reino Unido","country":"Reino Unido","source":"nominatim"},"admin_url":"/admin/point_form.php?id=169"}
[2026-05-02 17:41:11] [INFO] HTTP ← tools/call {"id":23}
[2026-05-02 17:41:11] [CALL] tool=create_poi request_id=23 {"trip_id":17,"type":"visit","title":"Castillo Eilean Donan","description":"Uno de los castillos más fotografiados de Escocia. Construido en el s. XIII, en la confluencia de tres lagos. De paso en la ruta Inverness → Isla de Skye. Entrada: ~£10.","latitude":57.2742,"longitude":-5.5155,"icon":"camera","visit_date":"2026-09-21"}
[2026-05-02 17:41:12] [INFO] create_poi OK {"id":"170","trip_id":17,"title":"Castillo Eilean Donan","lat":57.2742,"lng":-5.5155}
[2026-05-02 17:41:12] [RESULT] tool=create_poi duration_ms=523 request_id=23 {"id":170,"title":"Castillo Eilean Donan","trip_id":17,"latitude":57.2742,"longitude":-5.5155,"image_path":null,"thumbnail_path":null,"auto_filled":null,"suggested_place":{"city":"Highland","display_name":"Highland, Escocia, Reino Unido","country":"Reino Unido","source":"nominatim"},"admin_url":"/admin/point_form.php?id=170"}
[2026-05-02 17:41:14] [INFO] HTTP ← tools/call {"id":24}
[2026-05-02 17:41:14] [CALL] tool=create_poi request_id=24 {"trip_id":17,"type":"visit","title":"Old Man of Storr - Isla de Skye","description":"La formación rocosa más icónica de Skye. Caminata de ~1,5 hs ida y vuelta con vistas espectaculares. El paisaje de Skye en septiembre tiene colores dorados y rojizos únicos. Llegar temprano para evitar el parking lleno.","latitude":57.5013,"longitude":-6.1847,"icon":"camera","visit_date":"2026-09-22"}
[2026-05-02 17:41:15] [INFO] create_poi OK {"id":"171","trip_id":17,"title":"Old Man of Storr - Isla de Skye","lat":57.5013,"lng":-6.1847}
[2026-05-02 17:41:15] [RESULT] tool=create_poi duration_ms=960 request_id=24 {"id":171,"title":"Old Man of Storr - Isla de Skye","trip_id":17,"latitude":57.5013,"longitude":-6.1847,"image_path":null,"thumbnail_path":null,"auto_filled":null,"suggested_place":{"city":"Highland","display_name":"Highland, Escocia, Reino Unido","country":"Reino Unido","source":"nominatim"},"admin_url":"/admin/point_form.php?id=171"}
[2026-05-02 17:41:16] [INFO] HTTP ← tools/call {"id":25}
[2026-05-02 17:41:16] [CALL] tool=create_poi request_id=25 {"trip_id":17,"type":"visit","title":"Fairy Pools - Isla de Skye","description":"Piscinas naturales de agua cristalina azul-verde al pie de los Cuillins. Caminata fácil de ~3 km. Ideal al amanecer. El agua está muy fría (~10°C) pero algunos se bañan. Acceso gratuito, parking de pago.","latitude":57.2539,"longitude":-6.2727,"icon":"camera","visit_date":"2026-09-23"}
[2026-05-02 17:41:17] [INFO] create_poi OK {"id":"172","trip_id":17,"title":"Fairy Pools - Isla de Skye","lat":57.2539,"lng":-6.2727}
[2026-05-02 17:41:17] [RESULT] tool=create_poi duration_ms=948 request_id=25 {"id":172,"title":"Fairy Pools - Isla de Skye","trip_id":17,"latitude":57.2539,"longitude":-6.2727,"image_path":null,"thumbnail_path":null,"auto_filled":null,"suggested_place":{"city":"Highland","display_name":"Highland, Escocia, Reino Unido","country":"Reino Unido","source":"nominatim"},"admin_url":"/admin/point_form.php?id=172"}
[2026-05-02 17:41:19] [INFO] HTTP ← tools/call {"id":26}
[2026-05-02 17:41:19] [CALL] tool=create_poi request_id=26 {"trip_id":17,"type":"waypoint","title":"Aeropuerto de Glasgow (GLA) - Vuelo a Dublín","description":"Vuelo Glasgow → Dublín. Ryanair o Aer Lingus operan esta ruta (1h de vuelo, ~€30-80). Tras dejar Skye, ~2,5 hs en coche hasta Glasgow. Alternativamente se puede volar desde Inverness.","latitude":55.8686,"longitude":-4.4334,"visit_date":"2026-09-23"}
[2026-05-02 17:41:20] [ERROR] ToolException [INVALID_INPUT]: Datos de POI inválidos
[2026-05-02 17:41:22] [INFO] HTTP ← tools/call {"id":27}
[2026-05-02 17:41:22] [CALL] tool=create_poi request_id=27 {"trip_id":17,"type":"visit","title":"Trinity College y Libro de Kells - Dublín","description":"Universidad fundada en 1592, con la famosa Long Room Library y el Libro de Kells (manuscrito iluminado del s. IX). Uno de los mayores tesoros culturales de Irlanda. Reservar entrada online con anticipación. Entrada: ~€16-18.","latitude":53.3441,"longitude":-6.2546,"icon":"camera","visit_date":"2026-09-24"}
[2026-05-02 17:41:23] [INFO] create_poi OK {"id":"173","trip_id":17,"title":"Trinity College y Libro de Kells - Dublín","lat":53.3441,"lng":-6.2546}
[2026-05-02 17:41:23] [RESULT] tool=create_poi duration_ms=479 request_id=27 {"id":173,"title":"Trinity College y Libro de Kells - Dublín","trip_id":17,"latitude":53.3441,"longitude":-6.2546,"image_path":null,"thumbnail_path":null,"auto_filled":null,"suggested_place":{"city":"Dublín","display_name":"Dublín, County Dublin, Leinster, Irlanda","country":"Irlanda","source":"nominatim"},"admin_url":"/admin/point_form.php?id=173"}
[2026-05-02 17:41:48] [INFO] HTTP ← tools/call {"id":28}
[2026-05-02 17:41:48] [CALL] tool=create_poi request_id=28 {"trip_id":17,"type":"visit","title":"Guinness Storehouse - Dublín","description":"La cervecería Guinness original, fundada en 1759. 7 pisos de experiencia interactiva culminando en el Gravity Bar con vistas 360° de Dublín y una pinta incluida. Uno de los museos más visitados de Irlanda. Entrada: ~€25-30. Reservar online.","latitude":53.3418,"longitude":-6.2868,"icon":"camera","visit_date":"2026-09-24"}
[2026-05-02 17:41:49] [INFO] create_poi OK {"id":"174","trip_id":17,"title":"Guinness Storehouse - Dublín","lat":53.3418,"lng":-6.2868}
[2026-05-02 17:41:49] [RESULT] tool=create_poi duration_ms=872 request_id=28 {"id":174,"title":"Guinness Storehouse - Dublín","trip_id":17,"latitude":53.3418,"longitude":-6.2868,"image_path":null,"thumbnail_path":null,"auto_filled":null,"suggested_place":{"city":"Dublín","display_name":"Dublín, County Dublin, Leinster, Irlanda","country":"Irlanda","source":"nominatim"},"admin_url":"/admin/point_form.php?id=174"}
[2026-05-02 17:41:52] [INFO] HTTP ← tools/call {"id":29}
[2026-05-02 17:41:52] [CALL] tool=create_poi request_id=29 {"trip_id":17,"type":"visit","title":"Acantilados de Moher","description":"Los acantilados más famosos de Irlanda: 14 km de largo, hasta 214 m de altura. De paso en la ruta Dublín → Galway. Espectaculares con tiempo nublado (que es frecuente). Entrada: ~€8-10. Ver también la Torre de O'Brien. Cuidado al borde en días de viento.","latitude":52.9726,"longitude":-9.428,"icon":"camera","visit_date":"2026-09-26"}
[2026-05-02 17:41:53] [INFO] create_poi OK {"id":"175","trip_id":17,"title":"Acantilados de Moher","lat":52.9726,"lng":-9.428}
[2026-05-02 17:41:53] [RESULT] tool=create_poi duration_ms=960 request_id=29 {"id":175,"title":"Acantilados de Moher","trip_id":17,"latitude":52.9726,"longitude":-9.428,"image_path":null,"thumbnail_path":null,"auto_filled":null,"suggested_place":{"city":"Condado de Clare","display_name":"West Clare Municipal District, Condado de Clare, Munster, Irlanda","country":"Irlanda","source":"nominatim"},"admin_url":"/admin/point_form.php?id=175"}
[2026-05-02 17:41:55] [INFO] HTTP ← tools/call {"id":30}
[2026-05-02 17:41:55] [CALL] tool=create_poi request_id=30 {"trip_id":17,"type":"visit","title":"Parque Nacional de Connemara","description":"Paisaje salvaje de turberas, montañas, lagos y costas de Galway. Kylemore Abbey (abadía benedictina en un lago, ~30 min de Clifden) es imprescindible. Excursión de día completo desde Galway. Entrada al parque gratuita, Kylemore: ~€13.","latitude":53.5505,"longitude":-9.8985,"icon":"camera","visit_date":"2026-09-27"}
[2026-05-02 17:41:56] [INFO] create_poi OK {"id":"176","trip_id":17,"title":"Parque Nacional de Connemara","lat":53.5505,"lng":-9.8985}
[2026-05-02 17:41:56] [RESULT] tool=create_poi duration_ms=977 request_id=30 {"id":176,"title":"Parque Nacional de Connemara","trip_id":17,"latitude":53.5505,"longitude":-9.8985,"image_path":null,"thumbnail_path":null,"auto_filled":null,"suggested_place":{"city":"County Galway","display_name":"Conamara Municipal District, County Galway, Connacht, Irlanda","country":"Irlanda","source":"nominatim"},"admin_url":"/admin/point_form.php?id=176"}
[2026-05-02 17:41:58] [INFO] HTTP ← tools/call {"id":31}
[2026-05-02 17:41:58] [CALL] tool=create_poi request_id=31 {"trip_id":17,"type":"visit","title":"Ring of Kerry - Ruta escénica","description":"Recorrido circular de ~179 km por la Península Iveragh. Pueblos pintorescos, acantilados, islas y lagos. Puntos destacados: Killorglin, Cahersiveen, Waterville, Sneem. Hacer el recorrido en sentido antihorario para evitar los buses turísticos. Día completo.","latitude":51.9957,"longitude":-9.7554,"icon":"camera","visit_date":"2026-09-28"}
[2026-05-02 17:41:59] [INFO] create_poi OK {"id":"177","trip_id":17,"title":"Ring of Kerry - Ruta escénica","lat":51.9957,"lng":-9.7554}
[2026-05-02 17:41:59] [RESULT] tool=create_poi duration_ms=854 request_id=31 {"id":177,"title":"Ring of Kerry - Ruta escénica","trip_id":17,"latitude":51.9957,"longitude":-9.7554,"image_path":null,"thumbnail_path":null,"auto_filled":null,"suggested_place":{"city":"Condado de Kerry","display_name":"Kenmare Municipal District, Condado de Kerry, Munster, Irlanda","country":"Irlanda","source":"nominatim"},"admin_url":"/admin/point_form.php?id=177"}
[2026-05-02 17:42:03] [INFO] HTTP ← tools/call {"id":32}
[2026-05-02 17:42:03] [CALL] tool=create_poi request_id=32 {"trip_id":17,"type":"waypoint","title":"Aeropuerto de Dublín (DUB) - Regreso a Buenos Aires","description":"Vuelo de regreso Dublín → Buenos Aires (con escala). Aerolíneas como Iberia, British Airways o Air France operan esta ruta. Llegar 3 hs antes. Considerar pasar la última noche en Dublín para no apurar el regreso desde Killarney.","latitude":53.4282916,"longitude":-6.2472741,"icon":"hotel","visit_date":"2026-09-29"}
[2026-05-02 17:42:04] [ERROR] ToolException [INVALID_INPUT]: Datos de POI inválidos
[2026-05-02 17:42:04] [INFO] HTTP ← tools/call {"id":33}
[2026-05-02 17:42:04] [CALL] tool=create_poi request_id=33 {"trip_id":17,"type":"waypoint","title":"Aeropuerto Ezeiza (EZE) - Partida","description":"Vuelo Buenos Aires → Edimburgo (escala en Madrid o Londres). Duración: 16-20 hs totales. Iberia, British Airways o KLM operan esta ruta.","latitude":-34.81054,"longitude":-58.5431139,"icon":"hotel","visit_date":"2026-09-15"}
[2026-05-02 17:42:04] [ERROR] ToolException [INVALID_INPUT]: Datos de POI inválidos
[2026-05-02 17:42:06] [INFO] HTTP ← tools/call {"id":34}
[2026-05-02 17:42:06] [CALL] tool=create_poi request_id=34 {"trip_id":17,"type":"waypoint","title":"Aeropuerto de Glasgow (GLA) - Vuelo a Dublín","description":"Vuelo Glasgow → Dublín con Ryanair o Aer Lingus (~1 h, €30-80). Desde Skye son ~2,5 hs en coche hasta Glasgow.","latitude":55.8686,"longitude":-4.4334,"icon":"hotel","visit_date":"2026-09-23"}
[2026-05-02 17:42:06] [ERROR] ToolException [INVALID_INPUT]: Datos de POI inválidos
[2026-05-02 17:46:10] [INFO] HTTP ← tools/call {"id":35}
[2026-05-02 17:46:10] [CALL] tool=create_route request_id=35 {"trip_id":17,"transport_type":"plane","name":"Vuelo Buenos Aires → Edimburgo","description":"Buenos Aires (EZE) → Edimburgo (EDI) con escala en Madrid o Londres. Duración total: ~16-20 hs. Aerolíneas: Iberia (vía MAD), British Airways (vía LHR), KLM (vía AMS).","start_datetime":"2026-09-15","end_datetime":"2026-09-16","color":"#1565c0","geojson_data":"[130 bytes]"}
[2026-05-02 17:46:10] [INFO] create_route OK {"id":"753","trip_id":17,"transport":"plane","dist_m":11358856,"waypoints":2}
[2026-05-02 17:46:10] [RESULT] tool=create_route duration_ms=9 request_id=35 {"id":753,"trip_id":17,"transport_type":"plane","distance_meters":11358856,"distance_km":11358.86,"waypoints_count":2}
[2026-05-02 17:46:11] [INFO] HTTP ← tools/call {"id":36}
[2026-05-02 17:46:11] [CALL] tool=create_route request_id=36 {"trip_id":17,"transport_type":"plane","name":"Vuelo Glasgow → Dublín","description":"Glasgow (GLA) → Dublín (DUB). ~1 hora de vuelo. Ryanair o Aer Lingus, €30-80. Conecta la etapa escocesa con la irlandesa.","start_datetime":"2026-09-23","end_datetime":"2026-09-23","color":"#1565c0","geojson_data":"[125 bytes]"}
[2026-05-02 17:46:11] [INFO] create_route OK {"id":"754","trip_id":17,"transport":"plane","dist_m":295354,"waypoints":2}
[2026-05-02 17:46:11] [RESULT] tool=create_route duration_ms=6 request_id=36 {"id":754,"trip_id":17,"transport_type":"plane","distance_meters":295354,"distance_km":295.35,"waypoints_count":2}
[2026-05-02 17:46:11] [INFO] HTTP ← tools/call {"id":37}
[2026-05-02 17:46:11] [CALL] tool=create_route request_id=37 {"trip_id":17,"transport_type":"plane","name":"Vuelo Dublín → Buenos Aires","description":"Dublín (DUB) → Buenos Aires (EZE) con escala. Duración total: ~16-18 hs. Iberia (vía MAD), British Airways (vía LHR) o Air France (vía CDG).","start_datetime":"2026-09-29","end_datetime":"2026-09-30","color":"#1565c0","geojson_data":"[131 bytes]"}
[2026-05-02 17:46:11] [INFO] create_route OK {"id":"755","trip_id":17,"transport":"plane","dist_m":11026657,"waypoints":2}
[2026-05-02 17:46:11] [RESULT] tool=create_route duration_ms=7 request_id=37 {"id":755,"trip_id":17,"transport_type":"plane","distance_meters":11026657,"distance_km":11026.66,"waypoints_count":2}
[2026-05-02 17:46:13] [INFO] HTTP ← tools/call {"id":38}
[2026-05-02 17:46:13] [CALL] tool=plan_route request_id=38 {"from_lat":55.9486867,"from_lon":-3.2004175,"to_lat":57.4797264,"to_lon":-4.211154,"transport_type":"car"}
[2026-05-02 17:46:16] [INFO] plan_route OK {"transport":"car","profile":"car-fast","dist_km":250.04,"duration":180,"waypoints":3116,"temp":"uploads/mcp_temp/route_69f66298d151d7.12246685.geojson"}
[2026-05-02 17:46:16] [RESULT] tool=plan_route duration_ms=3424 request_id=38 {"temp_path":"uploads/mcp_temp/route_69f66298d151d7.12246685.geojson","distance_km":250.04,"distance_meters":250037,"duration_min":180,"waypoints_count":3116,"profile":"car-fast","transport_type":"car","start":{"lat":55.947597,"lon":-3.200774},"end":{"lat":57.479953,"lon":-4.211265},"bbox":{"minLat":55.947137,"maxLat":57.482639,"minLon":-4.257176,"maxLon":-3.200774},"hint":"Usa commit_route con trip_id y temp_path para guardar la ruta en la BD."}
[2026-05-02 17:46:16] [INFO] HTTP ← tools/call {"id":39}
[2026-05-02 17:46:16] [CALL] tool=plan_route request_id=39 {"from_lat":53.3458,"from_lon":-6.2597,"to_lat":53.2841506,"to_lon":-9.0378363,"transport_type":"car","via":[{"lat":52.9726,"lon":-9.428}]}
[2026-05-02 17:46:21] [INFO] plan_route OK {"transport":"car","profile":"car-fast","dist_km":341.54,"duration":268,"waypoints":5406,"temp":"uploads/mcp_temp/route_69f6629d223c16.26874583.geojson"}
[2026-05-02 17:46:21] [RESULT] tool=plan_route duration_ms=4256 request_id=39 {"temp_path":"uploads/mcp_temp/route_69f6629d223c16.26874583.geojson","distance_km":341.54,"distance_meters":341538,"duration_min":268,"waypoints_count":5406,"profile":"car-fast","transport_type":"car","start":{"lat":53.345786,"lon":-6.259699},"end":{"lat":53.283911,"lon":-9.038195},"bbox":{"minLat":52.969766,"maxLat":53.450114,"minLon":-9.423821,"maxLon":-6.259699},"hint":"Usa commit_route con trip_id y temp_path para guardar la ruta en la BD."}
[2026-05-02 17:47:05] [INFO] HTTP ← tools/call {"id":40}
[2026-05-02 17:47:05] [CALL] tool=commit_route request_id=40 {"trip_id":17,"temp_path":"uploads/mcp_temp/route_69f66298d151d7.12246685.geojson","transport_type":"car","name":"Edimburgo → Inverness (por las Highlands)","description":"250 km, ~3 horas. Ruta por las Highlands pasando por Stirling, Pitlochry y el Pass of Killiecrankie. Alquilar auto en Edimburgo (lado izquierdo del volante). Se recomienda parar en Stirling Castle de camino.","start_datetime":"2026-09-19","color":"#388e3c"}
[2026-05-02 17:47:05] [ERROR] ToolException [INVALID_PATH]: temp_path inválido o fuera del directorio permitido
[2026-05-02 17:47:05] [INFO] HTTP ← tools/call {"id":41}
[2026-05-02 17:47:05] [CALL] tool=commit_route request_id=41 {"trip_id":17,"temp_path":"uploads/mcp_temp/route_69f6629d223c16.26874583.geojson","transport_type":"car","name":"Dublín → Galway (vía Acantilados de Moher)","description":"341 km, ~4,5 horas con parada en los Acantilados de Moher. Ruta por la costa del Atlántico. Pasar por el Burren (paisaje kárstico único) antes de llegar a Galway.","start_datetime":"2026-09-26","color":"#388e3c"}
[2026-05-02 17:47:05] [ERROR] ToolException [INVALID_PATH]: temp_path inválido o fuera del directorio permitido
[2026-05-02 17:47:05] [INFO] HTTP ← tools/call {"id":42}
[2026-05-02 17:47:05] [CALL] tool=plan_route request_id=42 {"from_lat":57.4797264,"from_lon":-4.211154,"to_lat":57.4128,"to_lon":-6.1974,"transport_type":"car","via":[{"lat":57.2742,"lon":-5.5155}]}
[2026-05-02 17:47:07] [INFO] plan_route OK {"transport":"car","profile":"car-fast","dist_km":184.2,"duration":184,"waypoints":3785,"temp":"uploads/mcp_temp/route_69f662cbc7f060.16621062.geojson"}
[2026-05-02 17:47:07] [RESULT] tool=plan_route duration_ms=2372 request_id=42 {"temp_path":"uploads/mcp_temp/route_69f662cbc7f060.16621062.geojson","distance_km":184.2,"distance_meters":184195,"duration_min":184,"waypoints_count":3785,"profile":"car-fast","transport_type":"car","start":{"lat":57.479953,"lon":-4.211265},"end":{"lat":57.412764,"lon":-6.197433},"bbox":{"minLat":57.142608,"maxLat":57.48061,"minLon":-6.20522,"maxLon":-4.210977},"hint":"Usa commit_route con trip_id y temp_path para guardar la ruta en la BD."}
[2026-05-02 17:47:07] [INFO] HTTP ← tools/call {"id":43}
[2026-05-02 17:47:07] [CALL] tool=plan_route request_id=43 {"from_lat":57.4128,"from_lon":-6.1974,"to_lat":55.8686,"to_lon":-4.4334,"transport_type":"car"}
[2026-05-02 17:47:10] [INFO] plan_route OK {"transport":"car","profile":"car-fast","dist_km":335.33,"duration":326,"waypoints":6205,"temp":"uploads/mcp_temp/route_69f662ce682202.35613231.geojson"}
[2026-05-02 17:47:10] [RESULT] tool=plan_route duration_ms=2573 request_id=43 {"temp_path":"uploads/mcp_temp/route_69f662ce682202.35613231.geojson","distance_km":335.33,"distance_meters":335328,"duration_min":326,"waypoints_count":6205,"profile":"car-fast","transport_type":"car","start":{"lat":57.412764,"lon":-6.197433},"end":{"lat":55.868398,"lon":-4.428496},"bbox":{"minLat":55.858927,"maxLat":57.413271,"minLon":-6.20522,"maxLon":-4.425509},"hint":"Usa commit_route con trip_id y temp_path para guardar la ruta en la BD."}
[2026-05-02 17:47:10] [INFO] HTTP ← tools/call {"id":44}
[2026-05-02 17:47:10] [CALL] tool=plan_route request_id=44 {"from_lat":53.2841506,"from_lon":-9.0378363,"to_lat":52.0595746,"to_lon":-9.505322,"transport_type":"car"}
[2026-05-02 17:47:13] [INFO] plan_route OK {"transport":"car","profile":"car-fast","dist_km":213.52,"duration":158,"waypoints":2843,"temp":"uploads/mcp_temp/route_69f662d10c7c52.05035760.geojson"}
[2026-05-02 17:47:13] [RESULT] tool=plan_route duration_ms=2609 request_id=44 {"temp_path":"uploads/mcp_temp/route_69f662d10c7c52.05035760.geojson","distance_km":213.52,"distance_meters":213520,"duration_min":158,"waypoints_count":2843,"profile":"car-fast","transport_type":"car","start":{"lat":53.283911,"lon":-9.038195},"end":{"lat":52.059568,"lon":-9.50536},"bbox":{"minLat":52.059568,"maxLat":53.300268,"minLon":-9.555252,"maxLon":-8.621884},"hint":"Usa commit_route con trip_id y temp_path para guardar la ruta en la BD."}
[2026-05-02 17:47:13] [INFO] HTTP ← tools/call {"id":45}
[2026-05-02 17:47:13] [CALL] tool=plan_route request_id=45 {"from_lat":52.0595746,"from_lon":-9.505322,"to_lat":53.4282916,"to_lon":-6.2472741,"transport_type":"car"}
[2026-05-02 17:47:16] [INFO] plan_route OK {"transport":"car","profile":"car-fast","dist_km":316.33,"duration":207,"waypoints":3377,"temp":"uploads/mcp_temp/route_69f662d4370233.07517089.geojson"}
[2026-05-02 17:47:16] [RESULT] tool=plan_route duration_ms=3132 request_id=45 {"temp_path":"uploads/mcp_temp/route_69f662d4370233.07517089.geojson","distance_km":316.33,"distance_meters":316329,"duration_min":207,"waypoints_count":3377,"profile":"car-fast","transport_type":"car","start":{"lat":52.059568,"lon":-9.50536},"end":{"lat":53.428326,"lon":-6.244715},"bbox":{"minLat":52.058428,"maxLat":53.428326,"minLon":-9.555252,"maxLon":-6.218815},"hint":"Usa commit_route con trip_id y temp_path para guardar la ruta en la BD."}
[2026-05-02 17:47:28] [INFO] HTTP ← tools/call {"id":46}
[2026-05-02 17:47:28] [CALL] tool=commit_route request_id=46 {"trip_id":17,"temp_path":"uploads/mcp_temp/route_69f662cbc7f060.16621062.geojson","transport_type":"car","name":"Inverness → Isla de Skye (vía Eilean Donan)","description":"184 km, ~3 horas. Ruta espectacular por las Highlands pasando por el Castillo Eilean Donan. Una de las carreteras más bonitas de Escocia cruzando el puente Skye Bridge.","start_datetime":"2026-09-21","color":"#388e3c"}
[2026-05-02 17:47:28] [ERROR] ToolException [INVALID_PATH]: temp_path inválido o fuera del directorio permitido
[2026-05-02 17:47:31] [INFO] HTTP ← tools/call {"id":47}
[2026-05-02 17:47:31] [CALL] tool=commit_route request_id=47 {"trip_id":17,"temp_path":"uploads/mcp_temp/route_69f662ce682202.35613231.geojson","transport_type":"car","name":"Isla de Skye → Aeropuerto de Glasgow","description":"335 km, ~5,5 horas. Ruta de regreso por las Highlands cruzando Glencoe y pasando por Fort William. Tiempo para devolver el auto y tomar el vuelo nocturno a Dublín.","start_datetime":"2026-09-23","color":"#388e3c"}
[2026-05-02 17:47:31] [ERROR] ToolException [INVALID_PATH]: temp_path inválido o fuera del directorio permitido
[2026-05-02 17:47:33] [INFO] HTTP ← tools/call {"id":48}
[2026-05-02 17:47:33] [CALL] tool=commit_route request_id=48 {"trip_id":17,"temp_path":"uploads/mcp_temp/route_69f662d10c7c52.05035760.geojson","transport_type":"car","name":"Galway → Killarney","description":"213 km, ~2,5 horas. Ruta por el interior de Irlanda. Opción: pasar por las Burren Caves o el Loop Head de camino.","start_datetime":"2026-09-28","color":"#388e3c"}
[2026-05-02 17:47:33] [ERROR] ToolException [INVALID_PATH]: temp_path inválido o fuera del directorio permitido
[2026-05-02 17:47:36] [INFO] HTTP ← tools/call {"id":49}
[2026-05-02 17:47:36] [CALL] tool=commit_route request_id=49 {"trip_id":17,"temp_path":"uploads/mcp_temp/route_69f662d4370233.07517089.geojson","transport_type":"car","name":"Killarney → Aeropuerto de Dublín","description":"316 km, ~3,5 horas. Ruta de regreso a Dublín para el vuelo de vuelta a Buenos Aires. Salir temprano desde Killarney. Opción: devolver el auto de alquiler en el aeropuerto.","start_datetime":"2026-09-29","color":"#388e3c"}
[2026-05-02 17:47:36] [ERROR] ToolException [INVALID_PATH]: temp_path inválido o fuera del directorio permitido
[2026-05-02 18:07:16] [INFO] HTTP ← tools/call {"id":50}
[2026-05-02 18:07:16] [CALL] tool=plan_route request_id=50 {"from_lat":55.9486867,"from_lon":-3.2004175,"to_lat":57.4797264,"to_lon":-4.211154,"transport_type":"car"}
[2026-05-02 18:07:19] [INFO] plan_route OK {"transport":"car","profile":"car-fast","dist_km":250.04,"duration":180,"waypoints":3116,"temp":"uploads/mcp_temp/route_69f66787a03c62.83455255.geojson"}
[2026-05-02 18:07:19] [RESULT] tool=plan_route duration_ms=3345 request_id=50 {"temp_path":"uploads/mcp_temp/route_69f66787a03c62.83455255.geojson","distance_km":250.04,"distance_meters":250037,"duration_min":180,"waypoints_count":3116,"profile":"car-fast","transport_type":"car","start":{"lat":55.947597,"lon":-3.200774},"end":{"lat":57.479953,"lon":-4.211265},"bbox":{"minLat":55.947137,"maxLat":57.482639,"minLon":-4.257176,"maxLon":-3.200774},"hint":"Usa commit_route con trip_id y temp_path para guardar la ruta en la BD."}
[2026-05-02 18:07:19] [INFO] HTTP ← tools/call {"id":51}
[2026-05-02 18:07:19] [CALL] tool=plan_route request_id=51 {"from_lat":57.4797264,"from_lon":-4.211154,"to_lat":57.4128,"to_lon":-6.1974,"transport_type":"car","via":[{"lat":57.2742,"lon":-5.5155}]}
[2026-05-02 18:07:21] [INFO] plan_route OK {"transport":"car","profile":"car-fast","dist_km":184.2,"duration":184,"waypoints":3785,"temp":"uploads/mcp_temp/route_69f66789c47e41.36476286.geojson"}
[2026-05-02 18:07:21] [RESULT] tool=plan_route duration_ms=2114 request_id=51 {"temp_path":"uploads/mcp_temp/route_69f66789c47e41.36476286.geojson","distance_km":184.2,"distance_meters":184195,"duration_min":184,"waypoints_count":3785,"profile":"car-fast","transport_type":"car","start":{"lat":57.479953,"lon":-4.211265},"end":{"lat":57.412764,"lon":-6.197433},"bbox":{"minLat":57.142608,"maxLat":57.48061,"minLon":-6.20522,"maxLon":-4.210977},"hint":"Usa commit_route con trip_id y temp_path para guardar la ruta en la BD."}
[2026-05-02 18:07:21] [INFO] HTTP ← tools/call {"id":52}
[2026-05-02 18:07:21] [CALL] tool=plan_route request_id=52 {"from_lat":57.4128,"from_lon":-6.1974,"to_lat":55.8686,"to_lon":-4.4334,"transport_type":"car"}
[2026-05-02 18:07:24] [INFO] plan_route OK {"transport":"car","profile":"car-fast","dist_km":335.33,"duration":326,"waypoints":6205,"temp":"uploads/mcp_temp/route_69f6678c717166.85956204.geojson"}
[2026-05-02 18:07:24] [RESULT] tool=plan_route duration_ms=2621 request_id=52 {"temp_path":"uploads/mcp_temp/route_69f6678c717166.85956204.geojson","distance_km":335.33,"distance_meters":335328,"duration_min":326,"waypoints_count":6205,"profile":"car-fast","transport_type":"car","start":{"lat":57.412764,"lon":-6.197433},"end":{"lat":55.868398,"lon":-4.428496},"bbox":{"minLat":55.858927,"maxLat":57.413271,"minLon":-6.20522,"maxLon":-4.425509},"hint":"Usa commit_route con trip_id y temp_path para guardar la ruta en la BD."}
[2026-05-02 18:07:24] [INFO] HTTP ← tools/call {"id":53}
[2026-05-02 18:07:24] [CALL] tool=plan_route request_id=53 {"from_lat":53.3458,"from_lon":-6.2597,"to_lat":53.2841506,"to_lon":-9.0378363,"transport_type":"car","via":[{"lat":52.9726,"lon":-9.428}]}
[2026-05-02 18:07:28] [INFO] plan_route OK {"transport":"car","profile":"car-fast","dist_km":341.54,"duration":268,"waypoints":5406,"temp":"uploads/mcp_temp/route_69f66790b590b7.04561747.geojson"}
[2026-05-02 18:07:28] [RESULT] tool=plan_route duration_ms=4245 request_id=53 {"temp_path":"uploads/mcp_temp/route_69f66790b590b7.04561747.geojson","distance_km":341.54,"distance_meters":341538,"duration_min":268,"waypoints_count":5406,"profile":"car-fast","transport_type":"car","start":{"lat":53.345786,"lon":-6.259699},"end":{"lat":53.283911,"lon":-9.038195},"bbox":{"minLat":52.969766,"maxLat":53.450114,"minLon":-9.423821,"maxLon":-6.259699},"hint":"Usa commit_route con trip_id y temp_path para guardar la ruta en la BD."}
[2026-05-02 18:07:28] [INFO] HTTP ← tools/call {"id":54}
[2026-05-02 18:07:28] [CALL] tool=plan_route request_id=54 {"from_lat":53.2841506,"from_lon":-9.0378363,"to_lat":52.0595746,"to_lon":-9.505322,"transport_type":"car"}
[2026-05-02 18:07:31] [INFO] plan_route OK {"transport":"car","profile":"car-fast","dist_km":213.52,"duration":158,"waypoints":2843,"temp":"uploads/mcp_temp/route_69f66793554755.06574046.geojson"}
[2026-05-02 18:07:31] [RESULT] tool=plan_route duration_ms=2571 request_id=54 {"temp_path":"uploads/mcp_temp/route_69f66793554755.06574046.geojson","distance_km":213.52,"distance_meters":213520,"duration_min":158,"waypoints_count":2843,"profile":"car-fast","transport_type":"car","start":{"lat":53.283911,"lon":-9.038195},"end":{"lat":52.059568,"lon":-9.50536},"bbox":{"minLat":52.059568,"maxLat":53.300268,"minLon":-9.555252,"maxLon":-8.621884},"hint":"Usa commit_route con trip_id y temp_path para guardar la ruta en la BD."}
[2026-05-02 18:07:31] [INFO] HTTP ← tools/call {"id":55}
[2026-05-02 18:07:31] [CALL] tool=plan_route request_id=55 {"from_lat":52.0595746,"from_lon":-9.505322,"to_lat":53.4282916,"to_lon":-6.2472741,"transport_type":"car"}
[2026-05-02 18:07:34] [INFO] plan_route OK {"transport":"car","profile":"car-fast","dist_km":316.33,"duration":207,"waypoints":3377,"temp":"uploads/mcp_temp/route_69f66796624c47.19842923.geojson"}
[2026-05-02 18:07:34] [RESULT] tool=plan_route duration_ms=3026 request_id=55 {"temp_path":"uploads/mcp_temp/route_69f66796624c47.19842923.geojson","distance_km":316.33,"distance_meters":316329,"duration_min":207,"waypoints_count":3377,"profile":"car-fast","transport_type":"car","start":{"lat":52.059568,"lon":-9.50536},"end":{"lat":53.428326,"lon":-6.244715},"bbox":{"minLat":52.058428,"maxLat":53.428326,"minLon":-9.555252,"maxLon":-6.218815},"hint":"Usa commit_route con trip_id y temp_path para guardar la ruta en la BD."}
[2026-05-02 18:07:41] [INFO] HTTP ← tools/call {"id":56}
[2026-05-02 18:07:41] [CALL] tool=commit_route request_id=56 {"trip_id":17,"temp_path":"uploads/mcp_temp/route_69f66787a03c62.83455255.geojson","transport_type":"car","name":"Edimburgo → Inverness (por las Highlands)","description":"250 km, ~3 horas. Ruta por las Highlands pasando por Stirling y Pitlochry. Alquilar auto en Edimburgo (conducción por la izquierda). Recomendado parar en Stirling Castle.","start_datetime":"2026-09-19","color":"#388e3c"}
[2026-05-02 18:07:41] [INFO] commit_route OK {"id":"756","trip_id":17,"dist_m":249428}
[2026-05-02 18:07:41] [RESULT] tool=commit_route duration_ms=20 request_id=56 {"id":756,"trip_id":17,"name":"Edimburgo → Inverness (por las Highlands)","transport_type":"car","distance_meters":249428,"distance_km":249.43,"admin_url":"/admin/route_form.php?id=756"}
[2026-05-02 18:07:44] [INFO] HTTP ← tools/call {"id":57}
[2026-05-02 18:07:44] [CALL] tool=commit_route request_id=57 {"trip_id":17,"temp_path":"uploads/mcp_temp/route_69f66789c47e41.36476286.geojson","transport_type":"car","name":"Inverness → Isla de Skye (vía Eilean Donan)","description":"184 km, ~3 horas. Ruta espectacular por las Highlands con parada en el Castillo Eilean Donan. Acceso a Skye por el Skye Bridge.","start_datetime":"2026-09-21","color":"#388e3c"}
[2026-05-02 18:07:44] [INFO] commit_route OK {"id":"757","trip_id":17,"dist_m":183676}
[2026-05-02 18:07:44] [RESULT] tool=commit_route duration_ms=26 request_id=57 {"id":757,"trip_id":17,"name":"Inverness → Isla de Skye (vía Eilean Donan)","transport_type":"car","distance_meters":183676,"distance_km":183.68,"admin_url":"/admin/route_form.php?id=757"}
[2026-05-02 18:07:46] [INFO] HTTP ← tools/call {"id":58}
[2026-05-02 18:07:46] [CALL] tool=commit_route request_id=58 {"trip_id":17,"temp_path":"uploads/mcp_temp/route_69f6678c717166.85956204.geojson","transport_type":"car","name":"Isla de Skye → Aeropuerto de Glasgow","description":"335 km, ~5,5 horas. Regreso por las Highlands cruzando Glencoe y Fort William. Vuelo nocturno a Dublín desde Glasgow.","start_datetime":"2026-09-23","color":"#388e3c"}
[2026-05-02 18:07:46] [INFO] commit_route OK {"id":"758","trip_id":17,"dist_m":334498}
[2026-05-02 18:07:46] [RESULT] tool=commit_route duration_ms=36 request_id=58 {"id":758,"trip_id":17,"name":"Isla de Skye → Aeropuerto de Glasgow","transport_type":"car","distance_meters":334498,"distance_km":334.5,"admin_url":"/admin/route_form.php?id=758"}
[2026-05-02 18:07:48] [INFO] HTTP ← tools/call {"id":59}
[2026-05-02 18:07:48] [CALL] tool=commit_route request_id=59 {"trip_id":17,"temp_path":"uploads/mcp_temp/route_69f66790b590b7.04561747.geojson","transport_type":"car","name":"Dublín → Galway (vía Acantilados de Moher)","description":"341 km, ~4,5 horas con parada en los Acantilados de Moher. Ruta por la costa atlántica pasando por el Burren.","start_datetime":"2026-09-26","color":"#388e3c"}
[2026-05-02 18:07:48] [INFO] commit_route OK {"id":"759","trip_id":17,"dist_m":340669}
[2026-05-02 18:07:48] [RESULT] tool=commit_route duration_ms=28 request_id=59 {"id":759,"trip_id":17,"name":"Dublín → Galway (vía Acantilados de Moher)","transport_type":"car","distance_meters":340669,"distance_km":340.67,"admin_url":"/admin/route_form.php?id=759"}
[2026-05-02 18:07:49] [INFO] HTTP ← tools/call {"id":60}
[2026-05-02 18:07:49] [CALL] tool=commit_route request_id=60 {"trip_id":17,"temp_path":"uploads/mcp_temp/route_69f66793554755.06574046.geojson","transport_type":"car","name":"Galway → Killarney","description":"213 km, ~2,5 horas. Ruta por el interior de Irlanda hacia el condado de Kerry.","start_datetime":"2026-09-28","color":"#388e3c"}
[2026-05-02 18:07:49] [INFO] commit_route OK {"id":"760","trip_id":17,"dist_m":213119}
[2026-05-02 18:07:49] [RESULT] tool=commit_route duration_ms=36 request_id=60 {"id":760,"trip_id":17,"name":"Galway → Killarney","transport_type":"car","distance_meters":213119,"distance_km":213.12,"admin_url":"/admin/route_form.php?id=760"}
[2026-05-02 18:07:52] [INFO] HTTP ← tools/call {"id":61}
[2026-05-02 18:07:52] [CALL] tool=commit_route request_id=61 {"trip_id":17,"temp_path":"uploads/mcp_temp/route_69f66796624c47.19842923.geojson","transport_type":"car","name":"Killarney → Aeropuerto de Dublín","description":"316 km, ~3,5 horas. Regreso a Dublín para el vuelo a Buenos Aires. Salir temprano desde Killarney. Devolver auto en el aeropuerto.","start_datetime":"2026-09-29","color":"#388e3c"}
[2026-05-02 18:07:52] [INFO] commit_route OK {"id":"761","trip_id":17,"dist_m":315621}
[2026-05-02 18:07:52] [RESULT] tool=commit_route duration_ms=12 request_id=61 {"id":761,"trip_id":17,"name":"Killarney → Aeropuerto de Dublín","transport_type":"car","distance_meters":315621,"distance_km":315.62,"admin_url":"/admin/route_form.php?id=761"}
[2026-05-02 19:51:40] [INFO] HTTP ← initialize {"id":0}
[2026-05-02 19:51:40] [INFO] HTTP ← notifications/initialized {"id":null}
[2026-05-02 19:51:40] [INFO] HTTP ← tools/list {"id":1}
